{
    "swaggerVersion":"1.2",
    "basePath":"/",
    "apis":[
        {
            "path":"/api-docs",
            "operations":[
                {
                    "method":"GET",
                    "summary":"Warning: no annotated method found for this route",
                    "notes":"[example]",
                    "nickname":"/api-docs",
                    "parameters":[
                        
                    ],
                    "responseMessages":[
                        
                    ],
                    "type":"void"
                }
            ]
        },
        {
            "path":"/api-docs/{resourcePath*}",
            "operations":[
                {
                    "method":"GET",
                    "summary":"Warning: no annotated method found for this route",
                    "notes":"[example]",
                    "nickname":"/api-docs/{resourcePath*}",
                    "parameters":[
                        
                    ],
                    "responseMessages":[
                        
                    ],
                    "type":"void"
                }
            ]
        }
    ],
    "models":{
        
    }
}